#./src/main/resources/Entities.map
#Sat Nov 24 12:41:31 CET 2018
spamBoxHandyWorker1=2349
housing=2365
inBoxReferee2=2333
socialAdministrator2_1=2356
inBoxReferee1=2329
roofing=2381
concreteWork=2369
tutorial2=2311
tutorial1=2309
finderHW2=2391
phase2_f121=2403
finderHW1=2390
fenceFixing=2373
educationRecords2=2298
educationRecords1=2297
reportCFT2_1=2410
professionalRecords2=2304
professionalRecords1=2303
reportCFT1_2=2408
reportCFT1_1=2409
outBoxAdmin2=2318
outBoxAdmin1=2314
shelfInstallation=2382
applicationf2_1_1=2414
inBoxHandyWorker2=2350
inBoxHandyWorker1=2346
pestControl=2379
spamBoxSponsor2=2345
spamBoxSponsor1=2340
phase3_f121=2404
electricalWiring=2371
outBoxHandyWorker2=2351
outBoxHandyWorker1=2347
fanInstallation=2372
referee1=2282
trashBoxAdmin2=2319
trashBoxAdmin1=2315
applicationf1_2_1=2415
endorsementCustomer1_2=2397
endorsementCustomer1_1=2396
Referee2=2284
noteRCFT1_2=2411
userAdmin2=2293
applicationf1_1_2=2413
userAdmin1=2291
applicationf1_1_1=2412
trashBoxSponsor2=2344
trashBoxSponsor1=2339
userSponsor2=2289
userSponsor1=2287
administrator2=2292
administrator1=2290
CATEGORY=2363
section2=2312
section1=2310
lampRepairs=2376
spamBoxAdmin2=2320
spamBoxAdmin1=2316
spamBoxReferee2=2336
repairs=2364
spamBoxReferee1=2332
solarPanels=2383
insulationInstallation=2375
doors=2370
fixUpTask2_1=2401
trashBoxReferee2=2335
moving=2377
trashBoxReferee1=2331
userReferee2=2285
curriculum2=2295
userReferee1=2283
curriculum1=2305
fixUpTask1_2=2400
inBoxCustomer2=2325
fixUpTask1_1=2399
inBoxCustomer1=2321
sysConf=2294
endorsementHandyWorker1_1=2398
windowRepair=2386
plumbingRepairs=2380
cleaning=2368
outBoxCustomer2=2326
outBoxCustomer1=2322
miscellaneousRecords2=2302
outBoxSponsor2=2343
customer2=2280
miscellaneousRecords1=2301
outBoxSponsor1=2338
homeSecuritySystem=2374
customer1=2278
spamBoxCustomer2=2328
sponsorship2_1=2393
spamBoxCustomer1=2324
creditCard2=2308
complaintf2_1=2407
sprinklerRepair=2385
creditCard1=2307
socialSponsor2_2=2361
socialSponsor2_1=2360
complaintf1_2=2405
sponsorship1_1=2392
complaintf1_1=2406
userCustomer2=2281
userCustomer1=2279
inBoxAdmin2=2317
inBoxAdmin1=2313
socialCustomer2_2=2358
socialCustomer2_1=2357
soundProofing=2384
userHandyWorker2=2355
userHandyWorker1=2354
outBoxReferee2=2334
outBoxReferee1=2330
trashBoxCustomer2=2327
trashBoxCustomer1=2323
socialHandyWorker2_1=2362
inBoxSponsor2=2341
socialReferee2_1=2359
inBoxSponsor1=2337
endorserRecords2=2300
carpentry=2366
endorserRecords1=2299
warrantyf2_1=2388
personalrecords2=2296
personalrecords1=2306
warrantyf1_2=2389
warrantyf1_1=2387
ceilingRepair=2367
handyWorker2=2395
handyWorker1=2394
trashBoxHandyWorker2=2352
trashBoxHandyWorker1=2348
phase1_f121=2402
painting=2378
MessageInBoxSponsor2=2342
sponsor2=2288
sponsor1=2286
spamBoxHandyWorker2=2353
